Hello...
Welcome to Git (version 1.9.0-preview20140217)


Run 'git help git' to display the help index.
Run 'git help <command>' to display help for specific commands.

Admin@DESKTOP-SA0HNE6 /d/Rudy/Project/Travel Tour
$ git clone https://github.com/rudychai/R2J.git
Cloning into 'R2J'...
remote: Counting objects: 3, done.
remote: Total 3 (delta 0), reused 0 (delta 0), pack-reused 0
Unpacking objects: 100% (3/3), done.
Checking connectivity... done.

Admin@DESKTOP-SA0HNE6 /d/Rudy/Project/Travel Tour
$ git status
fatal: Not a git repository (or any of the parent directories): .git

Admin@DESKTOP-SA0HNE6 /d/Rudy/Project/Travel Tour
$ cd R2J

Admin@DESKTOP-SA0HNE6 /d/Rudy/Project/Travel Tour/R2J (master)
$ git status
On branch master
Your branch is up-to-date with 'origin/master'.

Untracked files:
  (use "git add <file>..." to include in what will be committed)

$ https://github.com/rudychai/R2J.githttps://github.com/rudychai/R2J.git

nothing added to commit but untracked files present (use "git add" to track)

Admin@DESKTOP-SA0HNE6 /d/Rudy/Project/Travel Tour/R2J (master)
$ git add *

Admin@DESKTOP-SA0HNE6 /d/Rudy/Project/Travel Tour/R2J (master)
$ git commit -m "TES.txt"
[master 3d9470a] TES.txt
 1 file changed, 1 insertion(+)
 create mode 100644 TES.txt

Admin@DESKTOP-SA0HNE6 /d/Rudy/Project/Travel Tour/R2J (master)
$ git push origin master
Username for 'https://github.com': rudychai@ymail.com
Password for 'https://rudychai@ymail.com@github.com':
Counting objects: 4, done.
Delta compression using up to 4 threads.
Compressing objects: 100% (2/2), done.
Writing objects: 100% (3/3), 289 bytes | 0 bytes/s, done.
Total 3 (delta 0), reused 0 (delta 0)
To https://github.com/rudychai/R2J.git
   f593c66..3d9470a  master -> master

Admin@DESKTOP-SA0HNE6 /d/Rudy/Project/Travel Tour/R2J (master)
$ git status
On branch master
Your branch is up-to-date with 'origin/master'.

nothing to commit, working directory clean

Admin@DESKTOP-SA0HNE6 /d/Rudy/Project/Travel Tour/R2J (master)
$ git pull origin master
remote: Counting objects: 3, done.
remote: Compressing objects: 100% (2/2), done.
remote: Total 3 (delta 0), reused 0 (delta 0), pack-reused 0
Unpacking objects: 100% (3/3), done.
From https://github.com/rudychai/R2J
 * branch            master     -> FETCH_HEAD
   3d9470a..ae54560  master     -> origin/master
Updating 3d9470a..ae54560
Fast-forward
 TES.txt | 2 +-
 1 file changed, 1 insertion(+), 1 deletion(-)

Admin@DESKTOP-SA0HNE6 /d/Rudy/Project/Travel Tour/R2J (master)
$ https://github.com/rudychai/R2J.githttps://github.com/rudychai/R2J.git













